phytoode/drop0.25/seed1: 100/1500 val=0.6587
phytoode/drop0.25/seed1: 200/1500 val=0.5333
phytoode/drop0.25/seed1: 300/1500 val=0.5455
phytoode/drop0.25/seed1: 400/1500 val=0.5800
phytoode/drop0.25/seed1: 500/1500 val=0.5953
phytoode/drop0.25/seed1: 600/1500 val=0.5871
phytoode/drop0.25/seed1: 700/1500 val=0.5709
phytoode/drop0.25/seed1: 800/1500 val=0.5609
phytoode/drop0.25/seed1: 900/1500 val=0.5762
phytoode/drop0.25/seed1: 1000/1500 val=0.5679
phytoode/drop0.25/seed1: 1100/1500 val=0.5712
phytoode/drop0.25/seed1: 1200/1500 val=0.5738
phytoode/drop0.25/seed1: 1300/1500 val=0.5749
phytoode/drop0.25/seed1: 1400/1500 val=0.5750
phytoode/drop0.25/seed1: 1500/1500 val=0.5751
{
  "status": "complete",
  "metrics": {
    "train": 0.3978165865763142,
    "val": 0.5338466980902012,
    "test": 1.6650164697210836
  }
}
