logistic_pinn/drop0.25/seed3: 100/1500 val=1.4814
logistic_pinn/drop0.25/seed3: 200/1500 val=1.3980
logistic_pinn/drop0.25/seed3: 300/1500 val=1.0024
logistic_pinn/drop0.25/seed3: 400/1500 val=0.8362
logistic_pinn/drop0.25/seed3: 500/1500 val=0.7549
logistic_pinn/drop0.25/seed3: 600/1500 val=0.7097
logistic_pinn/drop0.25/seed3: 700/1500 val=0.6944
logistic_pinn/drop0.25/seed3: 800/1500 val=0.6829
logistic_pinn/drop0.25/seed3: 900/1500 val=0.6639
logistic_pinn/drop0.25/seed3: 1000/1500 val=0.6533
logistic_pinn/drop0.25/seed3: 1100/1500 val=0.6500
logistic_pinn/drop0.25/seed3: 1200/1500 val=0.6445
logistic_pinn/drop0.25/seed3: 1300/1500 val=0.6434
logistic_pinn/drop0.25/seed3: 1400/1500 val=0.6426
logistic_pinn/drop0.25/seed3: 1500/1500 val=0.6424
{
  "status": "complete",
  "metrics": {
    "train": 0.32952768616915673,
    "val": 0.642405511204386,
    "test": 1.2914360556597488
  }
}
