latent_ode/drop0.0/seed3: 100/1500 val=0.5590
latent_ode/drop0.0/seed3: 200/1500 val=0.6750
latent_ode/drop0.0/seed3: 300/1500 val=0.8063
latent_ode/drop0.0/seed3: 400/1500 val=1.1106
latent_ode/drop0.0/seed3: 500/1500 val=1.3373
latent_ode/drop0.0/seed3: 600/1500 val=1.2108
latent_ode/drop0.0/seed3: 700/1500 val=1.1907
latent_ode/drop0.0/seed3: 800/1500 val=1.4442
latent_ode/drop0.0/seed3: 900/1500 val=1.6377
latent_ode/drop0.0/seed3: 1000/1500 val=1.6656
latent_ode/drop0.0/seed3: 1100/1500 val=1.7460
latent_ode/drop0.0/seed3: 1200/1500 val=1.7731
latent_ode/drop0.0/seed3: 1300/1500 val=1.7922
latent_ode/drop0.0/seed3: 1400/1500 val=1.7968
latent_ode/drop0.0/seed3: 1500/1500 val=1.7984
{
  "status": "complete",
  "metrics": {
    "train": 0.40571020144427966,
    "val": 0.675034149299143,
    "test": 1.0719012389497606
  }
}
