latent_ode/drop0.5/seed3: 100/1500 val=0.5760
latent_ode/drop0.5/seed3: 200/1500 val=0.5260
latent_ode/drop0.5/seed3: 300/1500 val=0.9116
latent_ode/drop0.5/seed3: 400/1500 val=1.2011
latent_ode/drop0.5/seed3: 500/1500 val=1.0684
latent_ode/drop0.5/seed3: 600/1500 val=1.0850
latent_ode/drop0.5/seed3: 700/1500 val=1.2923
latent_ode/drop0.5/seed3: 800/1500 val=1.4310
latent_ode/drop0.5/seed3: 900/1500 val=1.4921
latent_ode/drop0.5/seed3: 1000/1500 val=1.5674
latent_ode/drop0.5/seed3: 1100/1500 val=1.5941
latent_ode/drop0.5/seed3: 1200/1500 val=1.6281
latent_ode/drop0.5/seed3: 1300/1500 val=1.6551
latent_ode/drop0.5/seed3: 1400/1500 val=1.6616
latent_ode/drop0.5/seed3: 1500/1500 val=1.6621
{
  "status": "complete",
  "metrics": {
    "train": 0.3177934417955901,
    "val": 0.5260306294300947,
    "test": 1.3032842923027128
  }
}
{
  "status": "complete",
  "metrics": {
    "train": 0.3177934417955901,
    "val": 0.5260306294300947,
    "test": 1.3032842923027128
  }
}
