latent_ode/drop0.5/seed1: 100/1500 val=0.5354
latent_ode/drop0.5/seed1: 200/1500 val=0.5100
latent_ode/drop0.5/seed1: 300/1500 val=0.8263
latent_ode/drop0.5/seed1: 400/1500 val=0.9842
latent_ode/drop0.5/seed1: 500/1500 val=1.2655
latent_ode/drop0.5/seed1: 600/1500 val=1.3795
latent_ode/drop0.5/seed1: 700/1500 val=1.2929
latent_ode/drop0.5/seed1: 800/1500 val=1.3049
latent_ode/drop0.5/seed1: 900/1500 val=1.3187
latent_ode/drop0.5/seed1: 1000/1500 val=1.3000
latent_ode/drop0.5/seed1: 1100/1500 val=1.3006
latent_ode/drop0.5/seed1: 1200/1500 val=1.3202
latent_ode/drop0.5/seed1: 1300/1500 val=1.3268
latent_ode/drop0.5/seed1: 1400/1500 val=1.3304
latent_ode/drop0.5/seed1: 1500/1500 val=1.3310
{
  "status": "complete",
  "metrics": {
    "train": 0.281472729025516,
    "val": 0.5230853255310193,
    "test": 1.5919342486992238
  }
}
{
  "status": "complete",
  "metrics": {
    "train": 0.281472729025516,
    "val": 0.5230853255310193,
    "test": 1.5919342486992238
  }
}
