latent_ode_light/drop0.5/seed1: 100/1500 val=0.6921
latent_ode_light/drop0.5/seed1: 200/1500 val=0.8058
latent_ode_light/drop0.5/seed1: 300/1500 val=0.8250
latent_ode_light/drop0.5/seed1: 400/1500 val=1.2950
latent_ode_light/drop0.5/seed1: 500/1500 val=1.1286
latent_ode_light/drop0.5/seed1: 600/1500 val=1.5401
latent_ode_light/drop0.5/seed1: 700/1500 val=1.6921
latent_ode_light/drop0.5/seed1: 800/1500 val=2.0407
latent_ode_light/drop0.5/seed1: 900/1500 val=2.2567
latent_ode_light/drop0.5/seed1: 1000/1500 val=2.3416
latent_ode_light/drop0.5/seed1: 1100/1500 val=2.4023
latent_ode_light/drop0.5/seed1: 1200/1500 val=2.4368
latent_ode_light/drop0.5/seed1: 1300/1500 val=2.4453
latent_ode_light/drop0.5/seed1: 1400/1500 val=2.4538
latent_ode_light/drop0.5/seed1: 1500/1500 val=2.4547
{
  "status": "complete",
  "metrics": {
    "train": 0.366030094433213,
    "val": 0.8057839120826684,
    "test": 2.058880814558207
  }
}
