latent_ode_light/drop0.5/seed3: 100/1500 val=0.7178
latent_ode_light/drop0.5/seed3: 200/1500 val=0.7872
latent_ode_light/drop0.5/seed3: 300/1500 val=1.9281
latent_ode_light/drop0.5/seed3: 400/1500 val=1.9167
latent_ode_light/drop0.5/seed3: 500/1500 val=2.1966
latent_ode_light/drop0.5/seed3: 600/1500 val=2.1353
latent_ode_light/drop0.5/seed3: 700/1500 val=2.2888
latent_ode_light/drop0.5/seed3: 800/1500 val=2.3166
latent_ode_light/drop0.5/seed3: 900/1500 val=2.3360
latent_ode_light/drop0.5/seed3: 1000/1500 val=2.4310
latent_ode_light/drop0.5/seed3: 1100/1500 val=2.4210
latent_ode_light/drop0.5/seed3: 1200/1500 val=2.4295
latent_ode_light/drop0.5/seed3: 1300/1500 val=2.4339
latent_ode_light/drop0.5/seed3: 1400/1500 val=2.4328
latent_ode_light/drop0.5/seed3: 1500/1500 val=2.4324
{
  "status": "complete",
  "metrics": {
    "train": 0.38183057403359677,
    "val": 0.7871659494638443,
    "test": 2.1481934178113806
  }
}
