latent_ode/drop0.25/seed3: 100/1500 val=0.5540
latent_ode/drop0.25/seed3: 200/1500 val=0.5091
latent_ode/drop0.25/seed3: 300/1500 val=0.5158
latent_ode/drop0.25/seed3: 400/1500 val=0.5850
latent_ode/drop0.25/seed3: 500/1500 val=0.7886
latent_ode/drop0.25/seed3: 600/1500 val=1.2155
latent_ode/drop0.25/seed3: 700/1500 val=1.3486
latent_ode/drop0.25/seed3: 800/1500 val=1.4661
latent_ode/drop0.25/seed3: 900/1500 val=1.5268
latent_ode/drop0.25/seed3: 1000/1500 val=1.5873
latent_ode/drop0.25/seed3: 1100/1500 val=1.6486
latent_ode/drop0.25/seed3: 1200/1500 val=1.6832
latent_ode/drop0.25/seed3: 1300/1500 val=1.7080
latent_ode/drop0.25/seed3: 1400/1500 val=1.7154
latent_ode/drop0.25/seed3: 1500/1500 val=1.7163
{
  "status": "complete",
  "metrics": {
    "train": 0.37551726001479946,
    "val": 0.5118667125789258,
    "test": 1.1924204297994268
  }
}
{
  "status": "complete",
  "metrics": {
    "train": 0.37551726001479946,
    "val": 0.5118667125789258,
    "test": 1.1924204297994268
  }
}
