latent_ode/drop0.25/seed2: 100/1500 val=0.5300
latent_ode/drop0.25/seed2: 200/1500 val=0.5721
latent_ode/drop0.25/seed2: 300/1500 val=0.6102
latent_ode/drop0.25/seed2: 400/1500 val=0.6462
latent_ode/drop0.25/seed2: 500/1500 val=0.7326
latent_ode/drop0.25/seed2: 600/1500 val=0.9363
latent_ode/drop0.25/seed2: 700/1500 val=1.0821
latent_ode/drop0.25/seed2: 800/1500 val=1.1594
latent_ode/drop0.25/seed2: 900/1500 val=1.2740
latent_ode/drop0.25/seed2: 1000/1500 val=1.3253
latent_ode/drop0.25/seed2: 1100/1500 val=1.3979
latent_ode/drop0.25/seed2: 1200/1500 val=1.4446
latent_ode/drop0.25/seed2: 1300/1500 val=1.4782
latent_ode/drop0.25/seed2: 1400/1500 val=1.4931
latent_ode/drop0.25/seed2: 1500/1500 val=1.4960
{
  "status": "complete",
  "metrics": {
    "train": 0.35129226159118926,
    "val": 0.5721188714429736,
    "test": 1.2943157318275709
  }
}
{
  "status": "complete",
  "metrics": {
    "train": 0.35129226159118926,
    "val": 0.5721188714429736,
    "test": 1.2943157318275709
  }
}
