latent_ode/drop0.25/seed1: 100/1500 val=0.5475
latent_ode/drop0.25/seed1: 200/1500 val=0.6046
latent_ode/drop0.25/seed1: 300/1500 val=0.5319
latent_ode/drop0.25/seed1: 400/1500 val=0.5515
latent_ode/drop0.25/seed1: 500/1500 val=0.6024
latent_ode/drop0.25/seed1: 600/1500 val=0.8014
latent_ode/drop0.25/seed1: 700/1500 val=0.9139
latent_ode/drop0.25/seed1: 800/1500 val=1.1074
latent_ode/drop0.25/seed1: 900/1500 val=1.2099
latent_ode/drop0.25/seed1: 1000/1500 val=1.3323
latent_ode/drop0.25/seed1: 1100/1500 val=1.3680
latent_ode/drop0.25/seed1: 1200/1500 val=1.4192
latent_ode/drop0.25/seed1: 1300/1500 val=1.4407
latent_ode/drop0.25/seed1: 1400/1500 val=1.4428
latent_ode/drop0.25/seed1: 1500/1500 val=1.4446
{
  "status": "complete",
  "metrics": {
    "train": 0.3161485888890192,
    "val": 0.5270223858004501,
    "test": 1.3954288054875974
  }
}
{
  "status": "complete",
  "metrics": {
    "train": 0.3161485888890192,
    "val": 0.5270223858004501,
    "test": 1.3954288054875974
  }
}
