lambda=100.0 drop=0.25 seed=1: 100/1500
lambda=100.0 drop=0.25 seed=1: 200/1500
lambda=100.0 drop=0.25 seed=1: 300/1500
lambda=100.0 drop=0.25 seed=1: 400/1500
lambda=100.0 drop=0.25 seed=1: 500/1500
lambda=100.0 drop=0.25 seed=1: 600/1500
lambda=100.0 drop=0.25 seed=1: 700/1500
lambda=100.0 drop=0.25 seed=1: 800/1500
lambda=100.0 drop=0.25 seed=1: 900/1500
lambda=100.0 drop=0.25 seed=1: 1000/1500
lambda=100.0 drop=0.25 seed=1: 1100/1500
lambda=100.0 drop=0.25 seed=1: 1200/1500
lambda=100.0 drop=0.25 seed=1: 1300/1500
lambda=100.0 drop=0.25 seed=1: 1400/1500
lambda=100.0 drop=0.25 seed=1: 1500/1500
{"status": "trained_validation_only", "validation_rmse": 0.49622057142956494}
{
  "status": "trained_validation_only",
  "metrics": {
    "train": 0.3156548835972186,
    "val": 0.49622057142956494
  }
}
{
  "status": "complete",
  "metrics": {
    "train": 0.3156548835972186,
    "val": 0.49622057142956494,
    "test": 1.1231851745433061
  }
}
