logistic_pinn/drop0.0/seed1: 100/1500 val=1.1883
logistic_pinn/drop0.0/seed1: 200/1500 val=0.8097
logistic_pinn/drop0.0/seed1: 300/1500 val=0.7651
logistic_pinn/drop0.0/seed1: 400/1500 val=0.7413
logistic_pinn/drop0.0/seed1: 500/1500 val=0.7128
logistic_pinn/drop0.0/seed1: 600/1500 val=0.6746
logistic_pinn/drop0.0/seed1: 700/1500 val=0.6728
logistic_pinn/drop0.0/seed1: 800/1500 val=0.6548
logistic_pinn/drop0.0/seed1: 900/1500 val=0.6310
logistic_pinn/drop0.0/seed1: 1000/1500 val=0.6341
logistic_pinn/drop0.0/seed1: 1100/1500 val=0.6394
logistic_pinn/drop0.0/seed1: 1200/1500 val=0.6430
logistic_pinn/drop0.0/seed1: 1300/1500 val=0.6434
logistic_pinn/drop0.0/seed1: 1400/1500 val=0.6444
logistic_pinn/drop0.0/seed1: 1500/1500 val=0.6445
{
  "status": "complete",
  "metrics": {
    "train": 0.3744036641655676,
    "val": 0.6339017598773353,
    "test": 1.2688065487362608
  }
}
