logistic_pinn/drop0.0/seed2: 100/1500 val=1.3112
logistic_pinn/drop0.0/seed2: 200/1500 val=0.7398
logistic_pinn/drop0.0/seed2: 300/1500 val=0.7767
logistic_pinn/drop0.0/seed2: 400/1500 val=0.7297
logistic_pinn/drop0.0/seed2: 500/1500 val=0.7040
logistic_pinn/drop0.0/seed2: 600/1500 val=0.6773
logistic_pinn/drop0.0/seed2: 700/1500 val=0.6559
logistic_pinn/drop0.0/seed2: 800/1500 val=0.6437
logistic_pinn/drop0.0/seed2: 900/1500 val=0.6374
logistic_pinn/drop0.0/seed2: 1000/1500 val=0.6338
logistic_pinn/drop0.0/seed2: 1100/1500 val=0.6301
logistic_pinn/drop0.0/seed2: 1200/1500 val=0.6285
logistic_pinn/drop0.0/seed2: 1300/1500 val=0.6286
logistic_pinn/drop0.0/seed2: 1400/1500 val=0.6286
logistic_pinn/drop0.0/seed2: 1500/1500 val=0.6286
{
  "status": "complete",
  "metrics": {
    "train": 0.3780022591933307,
    "val": 0.6284737247130834,
    "test": 1.428777649788817
  }
}
