phytoode/drop0.5/seed2: 100/1500 val=0.5924
phytoode/drop0.5/seed2: 200/1500 val=0.5494
phytoode/drop0.5/seed2: 300/1500 val=0.5778
phytoode/drop0.5/seed2: 400/1500 val=0.5720
phytoode/drop0.5/seed2: 500/1500 val=0.5770
phytoode/drop0.5/seed2: 600/1500 val=0.5829
phytoode/drop0.5/seed2: 700/1500 val=0.5795
phytoode/drop0.5/seed2: 800/1500 val=0.5690
phytoode/drop0.5/seed2: 900/1500 val=0.5743
phytoode/drop0.5/seed2: 1000/1500 val=0.5795
phytoode/drop0.5/seed2: 1100/1500 val=0.5835
phytoode/drop0.5/seed2: 1200/1500 val=0.5830
phytoode/drop0.5/seed2: 1300/1500 val=0.5836
phytoode/drop0.5/seed2: 1400/1500 val=0.5842
phytoode/drop0.5/seed2: 1500/1500 val=0.5841
{
  "status": "complete",
  "metrics": {
    "train": 0.29154063153870136,
    "val": 0.5465178442262114,
    "test": 1.4419402471703926
  }
}
