phytoode/drop0.5/seed3: 100/1500 val=0.6074
phytoode/drop0.5/seed3: 200/1500 val=0.6847
phytoode/drop0.5/seed3: 300/1500 val=0.6104
phytoode/drop0.5/seed3: 400/1500 val=0.5927
phytoode/drop0.5/seed3: 500/1500 val=0.6228
phytoode/drop0.5/seed3: 600/1500 val=0.6563
phytoode/drop0.5/seed3: 700/1500 val=0.7383
phytoode/drop0.5/seed3: 800/1500 val=0.7491
phytoode/drop0.5/seed3: 900/1500 val=0.7070
phytoode/drop0.5/seed3: 1000/1500 val=0.7317
phytoode/drop0.5/seed3: 1100/1500 val=0.7452
phytoode/drop0.5/seed3: 1200/1500 val=0.7363
phytoode/drop0.5/seed3: 1300/1500 val=0.7376
phytoode/drop0.5/seed3: 1400/1500 val=0.7390
phytoode/drop0.5/seed3: 1500/1500 val=0.7394
{
  "status": "complete",
  "metrics": {
    "train": 0.3240504590289074,
    "val": 0.5927393371462822,
    "test": 1.737213342063508
  }
}
