lstm/drop0.25/seed3: 100/1500 val=0.8457
lstm/drop0.25/seed3: 200/1500 val=1.1318
lstm/drop0.25/seed3: 300/1500 val=1.3566
lstm/drop0.25/seed3: 400/1500 val=1.3868
lstm/drop0.25/seed3: 500/1500 val=1.5436
lstm/drop0.25/seed3: 600/1500 val=1.7928
lstm/drop0.25/seed3: 700/1500 val=1.8764
lstm/drop0.25/seed3: 800/1500 val=2.0879
lstm/drop0.25/seed3: 900/1500 val=2.1250
lstm/drop0.25/seed3: 1000/1500 val=2.2554
lstm/drop0.25/seed3: 1100/1500 val=2.2611
lstm/drop0.25/seed3: 1200/1500 val=2.2958
lstm/drop0.25/seed3: 1300/1500 val=2.3124
lstm/drop0.25/seed3: 1400/1500 val=2.3209
lstm/drop0.25/seed3: 1500/1500 val=2.3231
{
  "status": "complete",
  "metrics": {
    "train": 0.2729082301340559,
    "val": 1.1317810237365775,
    "test": 1.8276845527997874
  }
}
