lstm/drop0.25/seed2: 100/1500 val=0.8887
lstm/drop0.25/seed2: 200/1500 val=0.8973
lstm/drop0.25/seed2: 300/1500 val=0.9789
lstm/drop0.25/seed2: 400/1500 val=1.1949
lstm/drop0.25/seed2: 500/1500 val=1.4745
lstm/drop0.25/seed2: 600/1500 val=1.7474
lstm/drop0.25/seed2: 700/1500 val=1.8607
lstm/drop0.25/seed2: 800/1500 val=1.9387
lstm/drop0.25/seed2: 900/1500 val=1.9819
lstm/drop0.25/seed2: 1000/1500 val=2.0123
lstm/drop0.25/seed2: 1100/1500 val=2.0198
lstm/drop0.25/seed2: 1200/1500 val=2.0324
lstm/drop0.25/seed2: 1300/1500 val=2.0392
lstm/drop0.25/seed2: 1400/1500 val=2.0415
lstm/drop0.25/seed2: 1500/1500 val=2.0422
{
  "status": "complete",
  "metrics": {
    "train": 0.2730017463819173,
    "val": 0.8973226426800248,
    "test": 2.054998823882398
  }
}
