logistic_pinn/drop0.5/seed3: 100/1500 val=1.3503
logistic_pinn/drop0.5/seed3: 200/1500 val=1.1975
logistic_pinn/drop0.5/seed3: 300/1500 val=0.9482
logistic_pinn/drop0.5/seed3: 400/1500 val=0.8233
logistic_pinn/drop0.5/seed3: 500/1500 val=0.7373
logistic_pinn/drop0.5/seed3: 600/1500 val=0.7174
logistic_pinn/drop0.5/seed3: 700/1500 val=0.7215
logistic_pinn/drop0.5/seed3: 800/1500 val=0.7319
logistic_pinn/drop0.5/seed3: 900/1500 val=0.7255
logistic_pinn/drop0.5/seed3: 1000/1500 val=0.7237
logistic_pinn/drop0.5/seed3: 1100/1500 val=0.7166
logistic_pinn/drop0.5/seed3: 1200/1500 val=0.7156
logistic_pinn/drop0.5/seed3: 1300/1500 val=0.7121
logistic_pinn/drop0.5/seed3: 1400/1500 val=0.7115
logistic_pinn/drop0.5/seed3: 1500/1500 val=0.7115
{
  "status": "complete",
  "metrics": {
    "train": 0.22563105525532695,
    "val": 0.7114728395910613,
    "test": 1.2471221798962995
  }
}
{
  "status": "complete",
  "metrics": {
    "train": 0.22563105525532695,
    "val": 0.7114728395910613,
    "test": 1.2471221798962995
  }
}
