logistic_pinn/drop0.5/seed1: 100/1500 val=1.3642
logistic_pinn/drop0.5/seed1: 200/1500 val=1.5515
logistic_pinn/drop0.5/seed1: 300/1500 val=1.5482
logistic_pinn/drop0.5/seed1: 400/1500 val=1.6074
logistic_pinn/drop0.5/seed1: 500/1500 val=1.2522
logistic_pinn/drop0.5/seed1: 600/1500 val=1.0320
logistic_pinn/drop0.5/seed1: 700/1500 val=0.9228
logistic_pinn/drop0.5/seed1: 800/1500 val=0.8800
logistic_pinn/drop0.5/seed1: 900/1500 val=0.8398
logistic_pinn/drop0.5/seed1: 1000/1500 val=0.8121
logistic_pinn/drop0.5/seed1: 1100/1500 val=0.7919
logistic_pinn/drop0.5/seed1: 1200/1500 val=0.7833
logistic_pinn/drop0.5/seed1: 1300/1500 val=0.7770
logistic_pinn/drop0.5/seed1: 1400/1500 val=0.7749
logistic_pinn/drop0.5/seed1: 1500/1500 val=0.7745
{
  "status": "complete",
  "metrics": {
    "train": 0.2324575413585981,
    "val": 0.7745308045992821,
    "test": 1.325451400877525
  }
}
{
  "status": "complete",
  "metrics": {
    "train": 0.2324575413585981,
    "val": 0.7745308045992821,
    "test": 1.325451400877525
  }
}
