latent_ode/drop0.0/seed2: 100/1500 val=0.5506
latent_ode/drop0.0/seed2: 200/1500 val=0.5164
latent_ode/drop0.0/seed2: 300/1500 val=0.6433
latent_ode/drop0.0/seed2: 400/1500 val=0.7783
latent_ode/drop0.0/seed2: 500/1500 val=1.0711
latent_ode/drop0.0/seed2: 600/1500 val=1.2824
latent_ode/drop0.0/seed2: 700/1500 val=1.3131
latent_ode/drop0.0/seed2: 800/1500 val=1.5527
latent_ode/drop0.0/seed2: 900/1500 val=1.5323
latent_ode/drop0.0/seed2: 1000/1500 val=1.7264
latent_ode/drop0.0/seed2: 1100/1500 val=1.7451
latent_ode/drop0.0/seed2: 1200/1500 val=1.8078
latent_ode/drop0.0/seed2: 1300/1500 val=1.8265
latent_ode/drop0.0/seed2: 1400/1500 val=1.8339
latent_ode/drop0.0/seed2: 1500/1500 val=1.8359
{
  "status": "complete",
  "metrics": {
    "train": 0.38226192230827416,
    "val": 0.5096622434168541,
    "test": 0.9609122221798649
  }
}
{
  "status": "complete",
  "metrics": {
    "train": 0.38226192230827416,
    "val": 0.5096622434168541,
    "test": 0.9609122221798649
  }
}
