latent_ode/drop0.0/seed3: 100/1500 val=0.5782
latent_ode/drop0.0/seed3: 200/1500 val=0.5232
latent_ode/drop0.0/seed3: 300/1500 val=0.5537
latent_ode/drop0.0/seed3: 400/1500 val=0.6080
latent_ode/drop0.0/seed3: 500/1500 val=0.7846
latent_ode/drop0.0/seed3: 600/1500 val=1.0401
latent_ode/drop0.0/seed3: 700/1500 val=1.3896
latent_ode/drop0.0/seed3: 800/1500 val=1.4567
latent_ode/drop0.0/seed3: 900/1500 val=1.4622
latent_ode/drop0.0/seed3: 1000/1500 val=1.5622
latent_ode/drop0.0/seed3: 1100/1500 val=1.6955
latent_ode/drop0.0/seed3: 1200/1500 val=1.7385
latent_ode/drop0.0/seed3: 1300/1500 val=1.7675
latent_ode/drop0.0/seed3: 1400/1500 val=1.7777
latent_ode/drop0.0/seed3: 1500/1500 val=1.7799
{
  "status": "complete",
  "metrics": {
    "train": 0.37918211463403817,
    "val": 0.5307754681868285,
    "test": 1.1282755050760485
  }
}
{
  "status": "complete",
  "metrics": {
    "train": 0.37918211463403817,
    "val": 0.5307754681868285,
    "test": 1.1282755050760485
  }
}
