lambda=100.0 drop=0.0 seed=3: 100/1500
lambda=100.0 drop=0.0 seed=3: 200/1500
lambda=100.0 drop=0.0 seed=3: 300/1500
lambda=100.0 drop=0.0 seed=3: 400/1500
lambda=100.0 drop=0.0 seed=3: 500/1500
lambda=100.0 drop=0.0 seed=3: 600/1500
lambda=100.0 drop=0.0 seed=3: 700/1500
lambda=100.0 drop=0.0 seed=3: 800/1500
lambda=100.0 drop=0.0 seed=3: 900/1500
lambda=100.0 drop=0.0 seed=3: 1000/1500
lambda=100.0 drop=0.0 seed=3: 1100/1500
lambda=100.0 drop=0.0 seed=3: 1200/1500
lambda=100.0 drop=0.0 seed=3: 1300/1500
lambda=100.0 drop=0.0 seed=3: 1400/1500
lambda=100.0 drop=0.0 seed=3: 1500/1500
{"status": "trained_validation_only", "validation_rmse": 0.5338771412459941}
{
  "status": "trained_validation_only",
  "metrics": {
    "train": 0.3837302707122685,
    "val": 0.5338771412459941
  }
}
{
  "status": "complete",
  "metrics": {
    "train": 0.3837302707122685,
    "val": 0.5338771412459941,
    "test": 1.3868915996873148
  }
}
