lambda=100.0 drop=0.0 seed=1: 100/1500
lambda=100.0 drop=0.0 seed=1: 200/1500
lambda=100.0 drop=0.0 seed=1: 300/1500
lambda=100.0 drop=0.0 seed=1: 400/1500
lambda=100.0 drop=0.0 seed=1: 500/1500
lambda=100.0 drop=0.0 seed=1: 600/1500
lambda=100.0 drop=0.0 seed=1: 700/1500
lambda=100.0 drop=0.0 seed=1: 800/1500
lambda=100.0 drop=0.0 seed=1: 900/1500
lambda=100.0 drop=0.0 seed=1: 1000/1500
lambda=100.0 drop=0.0 seed=1: 1100/1500
lambda=100.0 drop=0.0 seed=1: 1200/1500
lambda=100.0 drop=0.0 seed=1: 1300/1500
lambda=100.0 drop=0.0 seed=1: 1400/1500
lambda=100.0 drop=0.0 seed=1: 1500/1500
{"status": "trained_validation_only", "validation_rmse": 0.5319616154278146}
{
  "status": "trained_validation_only",
  "metrics": {
    "train": 0.3727042079326107,
    "val": 0.5319616154278146
  }
}
{
  "status": "complete",
  "metrics": {
    "train": 0.3727042079326107,
    "val": 0.5319616154278146,
    "test": 1.131783350755102
  }
}
