lambda=100.0 drop=0.0 seed=2: 100/1500
lambda=100.0 drop=0.0 seed=2: 200/1500
lambda=100.0 drop=0.0 seed=2: 300/1500
lambda=100.0 drop=0.0 seed=2: 400/1500
lambda=100.0 drop=0.0 seed=2: 500/1500
lambda=100.0 drop=0.0 seed=2: 600/1500
lambda=100.0 drop=0.0 seed=2: 700/1500
lambda=100.0 drop=0.0 seed=2: 800/1500
lambda=100.0 drop=0.0 seed=2: 900/1500
lambda=100.0 drop=0.0 seed=2: 1000/1500
lambda=100.0 drop=0.0 seed=2: 1100/1500
lambda=100.0 drop=0.0 seed=2: 1200/1500
lambda=100.0 drop=0.0 seed=2: 1300/1500
lambda=100.0 drop=0.0 seed=2: 1400/1500
lambda=100.0 drop=0.0 seed=2: 1500/1500
{"status": "trained_validation_only", "validation_rmse": 0.5209081569116176}
{
  "status": "trained_validation_only",
  "metrics": {
    "train": 0.3836134552410468,
    "val": 0.5209081569116176
  }
}
{
  "status": "complete",
  "metrics": {
    "train": 0.3836134552410468,
    "val": 0.5209081569116176,
    "test": 1.3336237094105554
  }
}
