lambda=100.0 drop=0.5 seed=2: 100/1500
lambda=100.0 drop=0.5 seed=2: 200/1500
lambda=100.0 drop=0.5 seed=2: 300/1500
lambda=100.0 drop=0.5 seed=2: 400/1500
lambda=100.0 drop=0.5 seed=2: 500/1500
lambda=100.0 drop=0.5 seed=2: 600/1500
lambda=100.0 drop=0.5 seed=2: 700/1500
lambda=100.0 drop=0.5 seed=2: 800/1500
lambda=100.0 drop=0.5 seed=2: 900/1500
lambda=100.0 drop=0.5 seed=2: 1000/1500
lambda=100.0 drop=0.5 seed=2: 1100/1500
lambda=100.0 drop=0.5 seed=2: 1200/1500
lambda=100.0 drop=0.5 seed=2: 1300/1500
lambda=100.0 drop=0.5 seed=2: 1400/1500
lambda=100.0 drop=0.5 seed=2: 1500/1500
{"status": "trained_validation_only", "validation_rmse": 0.5493368269490271}
{
  "status": "trained_validation_only",
  "metrics": {
    "train": 0.304403209105416,
    "val": 0.5493368269490271
  }
}
{
  "status": "complete",
  "metrics": {
    "train": 0.304403209105416,
    "val": 0.5493368269490271,
    "test": 0.9340037774533788
  }
}
