lambda=100.0 drop=0.5 seed=3: 100/1500
lambda=100.0 drop=0.5 seed=3: 200/1500
lambda=100.0 drop=0.5 seed=3: 300/1500
lambda=100.0 drop=0.5 seed=3: 400/1500
lambda=100.0 drop=0.5 seed=3: 500/1500
lambda=100.0 drop=0.5 seed=3: 600/1500
lambda=100.0 drop=0.5 seed=3: 700/1500
lambda=100.0 drop=0.5 seed=3: 800/1500
lambda=100.0 drop=0.5 seed=3: 900/1500
lambda=100.0 drop=0.5 seed=3: 1000/1500
lambda=100.0 drop=0.5 seed=3: 1100/1500
lambda=100.0 drop=0.5 seed=3: 1200/1500
lambda=100.0 drop=0.5 seed=3: 1300/1500
lambda=100.0 drop=0.5 seed=3: 1400/1500
lambda=100.0 drop=0.5 seed=3: 1500/1500
{"status": "trained_validation_only", "validation_rmse": 0.5878003839570386}
{
  "status": "trained_validation_only",
  "metrics": {
    "train": 0.2850535952328995,
    "val": 0.5878003839570386
  }
}
{
  "status": "complete",
  "metrics": {
    "train": 0.2850535952328995,
    "val": 0.5878003839570386,
    "test": 1.137499901650587
  }
}
