lambda=100.0 drop=0.5 seed=1: 100/1500
lambda=100.0 drop=0.5 seed=1: 200/1500
lambda=100.0 drop=0.5 seed=1: 300/1500
lambda=100.0 drop=0.5 seed=1: 400/1500
lambda=100.0 drop=0.5 seed=1: 500/1500
lambda=100.0 drop=0.5 seed=1: 600/1500
lambda=100.0 drop=0.5 seed=1: 700/1500
lambda=100.0 drop=0.5 seed=1: 800/1500
lambda=100.0 drop=0.5 seed=1: 900/1500
lambda=100.0 drop=0.5 seed=1: 1000/1500
lambda=100.0 drop=0.5 seed=1: 1100/1500
lambda=100.0 drop=0.5 seed=1: 1200/1500
lambda=100.0 drop=0.5 seed=1: 1300/1500
lambda=100.0 drop=0.5 seed=1: 1400/1500
lambda=100.0 drop=0.5 seed=1: 1500/1500
{"status": "trained_validation_only", "validation_rmse": 0.5267516365173306}
{
  "status": "trained_validation_only",
  "metrics": {
    "train": 0.2856211263678423,
    "val": 0.5267516365173306
  }
}
{
  "status": "complete",
  "metrics": {
    "train": 0.2856211263678423,
    "val": 0.5267516365173306,
    "test": 1.0105493051895844
  }
}
