latent_ode/drop0.25/seed1: 100/1500 val=0.5295
latent_ode/drop0.25/seed1: 200/1500 val=0.5824
latent_ode/drop0.25/seed1: 300/1500 val=0.6642
latent_ode/drop0.25/seed1: 400/1500 val=0.9661
latent_ode/drop0.25/seed1: 500/1500 val=0.9969
latent_ode/drop0.25/seed1: 600/1500 val=1.1878
latent_ode/drop0.25/seed1: 700/1500 val=0.8030
latent_ode/drop0.25/seed1: 800/1500 val=1.1231
latent_ode/drop0.25/seed1: 900/1500 val=1.1415
latent_ode/drop0.25/seed1: 1000/1500 val=1.2109
latent_ode/drop0.25/seed1: 1100/1500 val=1.2537
latent_ode/drop0.25/seed1: 1200/1500 val=1.2812
latent_ode/drop0.25/seed1: 1300/1500 val=1.2709
latent_ode/drop0.25/seed1: 1400/1500 val=1.2775
latent_ode/drop0.25/seed1: 1500/1500 val=1.2783
{
  "status": "complete",
  "metrics": {
    "train": 0.3720585398256613,
    "val": 0.5824139050673693,
    "test": 0.9542168846171087
  }
}
