latent_ode/drop0.25/seed2: 100/1500 val=0.6033
latent_ode/drop0.25/seed2: 200/1500 val=0.7637
latent_ode/drop0.25/seed2: 300/1500 val=0.9210
latent_ode/drop0.25/seed2: 400/1500 val=0.8347
latent_ode/drop0.25/seed2: 500/1500 val=0.8050
latent_ode/drop0.25/seed2: 600/1500 val=0.7599
latent_ode/drop0.25/seed2: 700/1500 val=0.9190
latent_ode/drop0.25/seed2: 800/1500 val=0.9852
latent_ode/drop0.25/seed2: 900/1500 val=1.0498
latent_ode/drop0.25/seed2: 1000/1500 val=1.0982
latent_ode/drop0.25/seed2: 1100/1500 val=1.1246
latent_ode/drop0.25/seed2: 1200/1500 val=1.1484
latent_ode/drop0.25/seed2: 1300/1500 val=1.1602
latent_ode/drop0.25/seed2: 1400/1500 val=1.1668
latent_ode/drop0.25/seed2: 1500/1500 val=1.1677
{
  "status": "complete",
  "metrics": {
    "train": 0.3843148679488912,
    "val": 0.6849974347425158,
    "test": 1.7045334064765303
  }
}
