logistic_pinn/drop0.0/seed2: 100/1500 val=1.3079
logistic_pinn/drop0.0/seed2: 200/1500 val=0.8321
logistic_pinn/drop0.0/seed2: 300/1500 val=0.7654
logistic_pinn/drop0.0/seed2: 400/1500 val=0.6930
logistic_pinn/drop0.0/seed2: 500/1500 val=0.6265
logistic_pinn/drop0.0/seed2: 600/1500 val=0.6031
logistic_pinn/drop0.0/seed2: 700/1500 val=0.6048
logistic_pinn/drop0.0/seed2: 800/1500 val=0.5986
logistic_pinn/drop0.0/seed2: 900/1500 val=0.6030
logistic_pinn/drop0.0/seed2: 1000/1500 val=0.6020
logistic_pinn/drop0.0/seed2: 1100/1500 val=0.6029
logistic_pinn/drop0.0/seed2: 1200/1500 val=0.6036
logistic_pinn/drop0.0/seed2: 1300/1500 val=0.6035
logistic_pinn/drop0.0/seed2: 1400/1500 val=0.6039
logistic_pinn/drop0.0/seed2: 1500/1500 val=0.6038
{
  "status": "complete",
  "metrics": {
    "train": 0.33599361265156136,
    "val": 0.5961313343972994,
    "test": 1.6147273364958736
  }
}
{
  "status": "complete",
  "metrics": {
    "train": 0.33599361265156136,
    "val": 0.5961313343972994,
    "test": 1.6147273364958736
  }
}
