phytoode/drop0.0/seed2: 100/1500 val=0.7919
phytoode/drop0.0/seed2: 200/1500 val=0.5897
phytoode/drop0.0/seed2: 300/1500 val=0.5883
phytoode/drop0.0/seed2: 400/1500 val=0.5616
phytoode/drop0.0/seed2: 500/1500 val=0.5921
phytoode/drop0.0/seed2: 600/1500 val=0.5908
phytoode/drop0.0/seed2: 700/1500 val=0.5616
phytoode/drop0.0/seed2: 800/1500 val=0.5703
phytoode/drop0.0/seed2: 900/1500 val=0.5818
phytoode/drop0.0/seed2: 1000/1500 val=0.5873
phytoode/drop0.0/seed2: 1100/1500 val=0.5893
phytoode/drop0.0/seed2: 1200/1500 val=0.5887
phytoode/drop0.0/seed2: 1300/1500 val=0.5881
phytoode/drop0.0/seed2: 1400/1500 val=0.5885
phytoode/drop0.0/seed2: 1500/1500 val=0.5887
{
  "status": "complete",
  "metrics": {
    "train": 0.3230570377979457,
    "val": 0.572062259453116,
    "test": 1.6550153109285786
  }
}
