phytoode/drop0.0/seed3: 100/1500 val=0.5858
phytoode/drop0.0/seed3: 200/1500 val=0.5999
phytoode/drop0.0/seed3: 300/1500 val=0.6248
phytoode/drop0.0/seed3: 400/1500 val=0.6007
phytoode/drop0.0/seed3: 500/1500 val=0.5815
phytoode/drop0.0/seed3: 600/1500 val=0.6014
phytoode/drop0.0/seed3: 700/1500 val=0.5777
phytoode/drop0.0/seed3: 800/1500 val=0.5757
phytoode/drop0.0/seed3: 900/1500 val=0.5722
phytoode/drop0.0/seed3: 1000/1500 val=0.5633
phytoode/drop0.0/seed3: 1100/1500 val=0.5653
phytoode/drop0.0/seed3: 1200/1500 val=0.5704
phytoode/drop0.0/seed3: 1300/1500 val=0.5692
phytoode/drop0.0/seed3: 1400/1500 val=0.5695
phytoode/drop0.0/seed3: 1500/1500 val=0.5697
{
  "status": "complete",
  "metrics": {
    "train": 0.3215667001181366,
    "val": 0.5612151070919353,
    "test": 1.6528641436983733
  }
}
