lstm/drop0.5/seed1: 100/1500 val=0.8095
lstm/drop0.5/seed1: 200/1500 val=1.1041
lstm/drop0.5/seed1: 300/1500 val=1.2548
lstm/drop0.5/seed1: 400/1500 val=1.2045
lstm/drop0.5/seed1: 500/1500 val=1.6067
lstm/drop0.5/seed1: 600/1500 val=1.6529
lstm/drop0.5/seed1: 700/1500 val=1.7101
lstm/drop0.5/seed1: 800/1500 val=1.8953
lstm/drop0.5/seed1: 900/1500 val=1.9634
lstm/drop0.5/seed1: 1000/1500 val=1.9655
lstm/drop0.5/seed1: 1100/1500 val=2.0798
lstm/drop0.5/seed1: 1200/1500 val=2.0896
lstm/drop0.5/seed1: 1300/1500 val=2.1215
lstm/drop0.5/seed1: 1400/1500 val=2.1251
lstm/drop0.5/seed1: 1500/1500 val=2.1257
{
  "status": "complete",
  "metrics": {
    "train": 0.23833528423990136,
    "val": 1.1040732081942257,
    "test": 2.540391617519074
  }
}
{
  "status": "complete",
  "metrics": {
    "train": 0.23833528423990136,
    "val": 1.1040732081942257,
    "test": 2.540391617519074
  }
}
