latent_ode_light/drop0.0/seed2: 100/1500 val=0.6512
latent_ode_light/drop0.0/seed2: 200/1500 val=0.6259
latent_ode_light/drop0.0/seed2: 300/1500 val=0.7373
latent_ode_light/drop0.0/seed2: 400/1500 val=1.0047
latent_ode_light/drop0.0/seed2: 500/1500 val=1.2019
latent_ode_light/drop0.0/seed2: 600/1500 val=1.1587
latent_ode_light/drop0.0/seed2: 700/1500 val=1.2746
latent_ode_light/drop0.0/seed2: 800/1500 val=1.3525
latent_ode_light/drop0.0/seed2: 900/1500 val=1.4177
latent_ode_light/drop0.0/seed2: 1000/1500 val=1.4046
latent_ode_light/drop0.0/seed2: 1100/1500 val=1.4011
latent_ode_light/drop0.0/seed2: 1200/1500 val=1.3980
latent_ode_light/drop0.0/seed2: 1300/1500 val=1.3925
latent_ode_light/drop0.0/seed2: 1400/1500 val=1.3969
latent_ode_light/drop0.0/seed2: 1500/1500 val=1.3965
{
  "status": "complete",
  "metrics": {
    "train": 0.38444781789973803,
    "val": 0.6065936629120261,
    "test": 1.5034427582544954
  }
}
