latent_ode_light/drop0.0/seed3: 100/1500 val=0.6167
latent_ode_light/drop0.0/seed3: 200/1500 val=0.5618
latent_ode_light/drop0.0/seed3: 300/1500 val=0.6444
latent_ode_light/drop0.0/seed3: 400/1500 val=1.2968
latent_ode_light/drop0.0/seed3: 500/1500 val=1.1375
latent_ode_light/drop0.0/seed3: 600/1500 val=1.3849
latent_ode_light/drop0.0/seed3: 700/1500 val=1.4563
latent_ode_light/drop0.0/seed3: 800/1500 val=1.6510
latent_ode_light/drop0.0/seed3: 900/1500 val=1.6933
latent_ode_light/drop0.0/seed3: 1000/1500 val=1.7175
latent_ode_light/drop0.0/seed3: 1100/1500 val=1.7236
latent_ode_light/drop0.0/seed3: 1200/1500 val=1.7978
latent_ode_light/drop0.0/seed3: 1300/1500 val=1.8065
latent_ode_light/drop0.0/seed3: 1400/1500 val=1.8184
latent_ode_light/drop0.0/seed3: 1500/1500 val=1.8194
{
  "status": "complete",
  "metrics": {
    "train": 0.3899056353511129,
    "val": 0.5872262590839528,
    "test": 1.3974760796140593
  }
}
