logistic_pinn/drop0.25/seed2: 100/1500 val=1.3280
logistic_pinn/drop0.25/seed2: 200/1500 val=0.8964
logistic_pinn/drop0.25/seed2: 300/1500 val=0.8207
logistic_pinn/drop0.25/seed2: 400/1500 val=0.7356
logistic_pinn/drop0.25/seed2: 500/1500 val=0.6912
logistic_pinn/drop0.25/seed2: 600/1500 val=0.6741
logistic_pinn/drop0.25/seed2: 700/1500 val=0.6516
logistic_pinn/drop0.25/seed2: 800/1500 val=0.6494
logistic_pinn/drop0.25/seed2: 900/1500 val=0.6265
logistic_pinn/drop0.25/seed2: 1000/1500 val=0.6183
logistic_pinn/drop0.25/seed2: 1100/1500 val=0.6139
logistic_pinn/drop0.25/seed2: 1200/1500 val=0.6105
logistic_pinn/drop0.25/seed2: 1300/1500 val=0.6099
logistic_pinn/drop0.25/seed2: 1400/1500 val=0.6094
logistic_pinn/drop0.25/seed2: 1500/1500 val=0.6094
{
  "status": "complete",
  "metrics": {
    "train": 0.26746791945786114,
    "val": 0.6094292865043569,
    "test": 1.5010959315335712
  }
}
{
  "status": "complete",
  "metrics": {
    "train": 0.26746791945786114,
    "val": 0.6094292865043569,
    "test": 1.5010959315335712
  }
}
