lstm/drop0.5/seed3: 100/1500 val=1.1930
lstm/drop0.5/seed3: 200/1500 val=1.5085
lstm/drop0.5/seed3: 300/1500 val=1.6654
lstm/drop0.5/seed3: 400/1500 val=1.7990
lstm/drop0.5/seed3: 500/1500 val=2.0207
lstm/drop0.5/seed3: 600/1500 val=2.0294
lstm/drop0.5/seed3: 700/1500 val=1.8947
lstm/drop0.5/seed3: 800/1500 val=1.7220
lstm/drop0.5/seed3: 900/1500 val=1.6832
lstm/drop0.5/seed3: 1000/1500 val=1.6939
lstm/drop0.5/seed3: 1100/1500 val=1.7747
lstm/drop0.5/seed3: 1200/1500 val=1.8423
lstm/drop0.5/seed3: 1300/1500 val=1.8791
lstm/drop0.5/seed3: 1400/1500 val=1.9019
lstm/drop0.5/seed3: 1500/1500 val=1.9060
{
  "status": "complete",
  "metrics": {
    "train": 0.21366255763250652,
    "val": 1.5084912338852883,
    "test": 2.8174576399086657
  }
}
