logistic_pinn/drop0.5/seed2: 100/1500 val=1.4566
logistic_pinn/drop0.5/seed2: 200/1500 val=1.0543
logistic_pinn/drop0.5/seed2: 300/1500 val=0.7792
logistic_pinn/drop0.5/seed2: 400/1500 val=0.7627
logistic_pinn/drop0.5/seed2: 500/1500 val=0.7465
logistic_pinn/drop0.5/seed2: 600/1500 val=0.7625
logistic_pinn/drop0.5/seed2: 700/1500 val=0.7071
logistic_pinn/drop0.5/seed2: 800/1500 val=0.7343
logistic_pinn/drop0.5/seed2: 900/1500 val=0.7762
logistic_pinn/drop0.5/seed2: 1000/1500 val=0.7840
logistic_pinn/drop0.5/seed2: 1100/1500 val=0.7970
logistic_pinn/drop0.5/seed2: 1200/1500 val=0.8043
logistic_pinn/drop0.5/seed2: 1300/1500 val=0.8089
logistic_pinn/drop0.5/seed2: 1400/1500 val=0.8108
logistic_pinn/drop0.5/seed2: 1500/1500 val=0.8111
{
  "status": "complete",
  "metrics": {
    "train": 0.2685036601623615,
    "val": 0.7423008945889304,
    "test": 1.2679492200144153
  }
}
