logistic_pinn/drop0.5/seed1: 100/1500 val=1.2503
logistic_pinn/drop0.5/seed1: 200/1500 val=0.9932
logistic_pinn/drop0.5/seed1: 300/1500 val=0.7281
logistic_pinn/drop0.5/seed1: 400/1500 val=0.7575
logistic_pinn/drop0.5/seed1: 500/1500 val=0.7967
logistic_pinn/drop0.5/seed1: 600/1500 val=0.7765
logistic_pinn/drop0.5/seed1: 700/1500 val=0.7872
logistic_pinn/drop0.5/seed1: 800/1500 val=0.8086
logistic_pinn/drop0.5/seed1: 900/1500 val=0.7992
logistic_pinn/drop0.5/seed1: 1000/1500 val=0.8053
logistic_pinn/drop0.5/seed1: 1100/1500 val=0.8103
logistic_pinn/drop0.5/seed1: 1200/1500 val=0.8138
logistic_pinn/drop0.5/seed1: 1300/1500 val=0.8143
logistic_pinn/drop0.5/seed1: 1400/1500 val=0.8144
logistic_pinn/drop0.5/seed1: 1500/1500 val=0.8145
{
  "status": "complete",
  "metrics": {
    "train": 0.32992748951568784,
    "val": 0.7248543643241283,
    "test": 1.121815310650348
  }
}
