logistic_pinn/drop0.5/seed3: 100/1500 val=1.4598
logistic_pinn/drop0.5/seed3: 200/1500 val=1.4921
logistic_pinn/drop0.5/seed3: 300/1500 val=1.5176
logistic_pinn/drop0.5/seed3: 400/1500 val=1.3247
logistic_pinn/drop0.5/seed3: 500/1500 val=0.9603
logistic_pinn/drop0.5/seed3: 600/1500 val=0.8562
logistic_pinn/drop0.5/seed3: 700/1500 val=0.7984
logistic_pinn/drop0.5/seed3: 800/1500 val=0.7736
logistic_pinn/drop0.5/seed3: 900/1500 val=0.7616
logistic_pinn/drop0.5/seed3: 1000/1500 val=0.7455
logistic_pinn/drop0.5/seed3: 1100/1500 val=0.7398
logistic_pinn/drop0.5/seed3: 1200/1500 val=0.7381
logistic_pinn/drop0.5/seed3: 1300/1500 val=0.7373
logistic_pinn/drop0.5/seed3: 1400/1500 val=0.7372
logistic_pinn/drop0.5/seed3: 1500/1500 val=0.7373
{
  "status": "complete",
  "metrics": {
    "train": 0.2120996108668078,
    "val": 0.737251403272152,
    "test": 1.3546690437449191
  }
}
