latent_ode/drop0.5/seed1: 100/1500 val=0.5519
latent_ode/drop0.5/seed1: 200/1500 val=0.5915
latent_ode/drop0.5/seed1: 300/1500 val=0.7865
latent_ode/drop0.5/seed1: 400/1500 val=1.0695
latent_ode/drop0.5/seed1: 500/1500 val=1.5089
latent_ode/drop0.5/seed1: 600/1500 val=1.6861
latent_ode/drop0.5/seed1: 700/1500 val=1.9197
latent_ode/drop0.5/seed1: 800/1500 val=1.9821
latent_ode/drop0.5/seed1: 900/1500 val=2.0185
latent_ode/drop0.5/seed1: 1000/1500 val=2.0629
latent_ode/drop0.5/seed1: 1100/1500 val=2.0904
latent_ode/drop0.5/seed1: 1200/1500 val=2.1041
latent_ode/drop0.5/seed1: 1300/1500 val=2.1159
latent_ode/drop0.5/seed1: 1400/1500 val=2.1201
latent_ode/drop0.5/seed1: 1500/1500 val=2.1208
{
  "status": "complete",
  "metrics": {
    "train": 0.3569151339073211,
    "val": 0.591513481033966,
    "test": 0.9861668463403577
  }
}
