latent_ode/drop0.5/seed2: 100/1500 val=0.5941
latent_ode/drop0.5/seed2: 200/1500 val=0.6387
latent_ode/drop0.5/seed2: 300/1500 val=0.7996
latent_ode/drop0.5/seed2: 400/1500 val=0.8479
latent_ode/drop0.5/seed2: 500/1500 val=0.9147
latent_ode/drop0.5/seed2: 600/1500 val=0.8688
latent_ode/drop0.5/seed2: 700/1500 val=0.8446
latent_ode/drop0.5/seed2: 800/1500 val=0.8934
latent_ode/drop0.5/seed2: 900/1500 val=0.9079
latent_ode/drop0.5/seed2: 1000/1500 val=0.9193
latent_ode/drop0.5/seed2: 1100/1500 val=0.9413
latent_ode/drop0.5/seed2: 1200/1500 val=0.9617
latent_ode/drop0.5/seed2: 1300/1500 val=0.9785
latent_ode/drop0.5/seed2: 1400/1500 val=0.9846
latent_ode/drop0.5/seed2: 1500/1500 val=0.9855
{
  "status": "complete",
  "metrics": {
    "train": 0.3309429240962648,
    "val": 0.6387432335701306,
    "test": 1.2054635505934466
  }
}
