latent_ode/drop0.5/seed3: 100/1500 val=0.5455
latent_ode/drop0.5/seed3: 200/1500 val=1.0412
latent_ode/drop0.5/seed3: 300/1500 val=0.9472
latent_ode/drop0.5/seed3: 400/1500 val=1.0396
latent_ode/drop0.5/seed3: 500/1500 val=1.0403
latent_ode/drop0.5/seed3: 600/1500 val=1.1104
latent_ode/drop0.5/seed3: 700/1500 val=1.2199
latent_ode/drop0.5/seed3: 800/1500 val=1.2451
latent_ode/drop0.5/seed3: 900/1500 val=1.2924
latent_ode/drop0.5/seed3: 1000/1500 val=1.3353
latent_ode/drop0.5/seed3: 1100/1500 val=1.3815
latent_ode/drop0.5/seed3: 1200/1500 val=1.4302
latent_ode/drop0.5/seed3: 1300/1500 val=1.4693
latent_ode/drop0.5/seed3: 1400/1500 val=1.4839
latent_ode/drop0.5/seed3: 1500/1500 val=1.4861
{
  "status": "complete",
  "metrics": {
    "train": 0.33190441254650876,
    "val": 1.0411829280257225,
    "test": 1.6851534440705704
  }
}
