lstm/drop0.0/seed2: 100/1500 val=0.6089
lstm/drop0.0/seed2: 200/1500 val=0.8572
lstm/drop0.0/seed2: 300/1500 val=1.0749
lstm/drop0.0/seed2: 400/1500 val=1.4160
lstm/drop0.0/seed2: 500/1500 val=1.3075
lstm/drop0.0/seed2: 600/1500 val=1.2999
lstm/drop0.0/seed2: 700/1500 val=1.3720
lstm/drop0.0/seed2: 800/1500 val=1.4576
lstm/drop0.0/seed2: 900/1500 val=1.4753
lstm/drop0.0/seed2: 1000/1500 val=1.5127
lstm/drop0.0/seed2: 1100/1500 val=1.5602
lstm/drop0.0/seed2: 1200/1500 val=1.5989
lstm/drop0.0/seed2: 1300/1500 val=1.6040
lstm/drop0.0/seed2: 1400/1500 val=1.6082
lstm/drop0.0/seed2: 1500/1500 val=1.6089
{
  "status": "complete",
  "metrics": {
    "train": 0.3065174421021196,
    "val": 0.857223463153001,
    "test": 1.7015051800962606
  }
}
