lstm/drop0.0/seed1: 100/1500 val=0.7496
lstm/drop0.0/seed1: 200/1500 val=0.8840
lstm/drop0.0/seed1: 300/1500 val=1.1516
lstm/drop0.0/seed1: 400/1500 val=1.3935
lstm/drop0.0/seed1: 500/1500 val=1.2845
lstm/drop0.0/seed1: 600/1500 val=1.3508
lstm/drop0.0/seed1: 700/1500 val=1.3953
lstm/drop0.0/seed1: 800/1500 val=1.3748
lstm/drop0.0/seed1: 900/1500 val=1.3518
lstm/drop0.0/seed1: 1000/1500 val=1.3414
lstm/drop0.0/seed1: 1100/1500 val=1.3294
lstm/drop0.0/seed1: 1200/1500 val=1.3153
lstm/drop0.0/seed1: 1300/1500 val=1.3064
lstm/drop0.0/seed1: 1400/1500 val=1.3037
lstm/drop0.0/seed1: 1500/1500 val=1.3034
{
  "status": "complete",
  "metrics": {
    "train": 0.27169806155200205,
    "val": 0.8840464083878325,
    "test": 2.2747935835040973
  }
}
