lstm/drop0.0/seed1: 100/1500 val=0.6769
lstm/drop0.0/seed1: 200/1500 val=0.8915
lstm/drop0.0/seed1: 300/1500 val=1.1516
lstm/drop0.0/seed1: 400/1500 val=1.2328
lstm/drop0.0/seed1: 500/1500 val=1.4011
lstm/drop0.0/seed1: 600/1500 val=1.3946
lstm/drop0.0/seed1: 700/1500 val=1.5120
lstm/drop0.0/seed1: 800/1500 val=1.4992
lstm/drop0.0/seed1: 900/1500 val=1.5524
lstm/drop0.0/seed1: 1000/1500 val=1.5819
lstm/drop0.0/seed1: 1100/1500 val=1.6030
lstm/drop0.0/seed1: 1200/1500 val=1.6121
lstm/drop0.0/seed1: 1300/1500 val=1.6229
lstm/drop0.0/seed1: 1400/1500 val=1.6255
lstm/drop0.0/seed1: 1500/1500 val=1.6265
{
  "status": "complete",
  "metrics": {
    "train": 0.3023563881891468,
    "val": 0.8914514594877074,
    "test": 1.9288642902650834
  }
}
{
  "status": "complete",
  "metrics": {
    "train": 0.3023563881891468,
    "val": 0.8914514594877074,
    "test": 1.9288642902650834
  }
}
