lstm/drop0.0/seed3: 100/1500 val=0.6128
lstm/drop0.0/seed3: 200/1500 val=0.7727
lstm/drop0.0/seed3: 300/1500 val=1.2083
lstm/drop0.0/seed3: 400/1500 val=1.3581
lstm/drop0.0/seed3: 500/1500 val=1.2513
lstm/drop0.0/seed3: 600/1500 val=1.0985
lstm/drop0.0/seed3: 700/1500 val=1.0939
lstm/drop0.0/seed3: 800/1500 val=1.1824
lstm/drop0.0/seed3: 900/1500 val=1.1738
lstm/drop0.0/seed3: 1000/1500 val=1.3496
lstm/drop0.0/seed3: 1100/1500 val=1.4184
lstm/drop0.0/seed3: 1200/1500 val=1.4553
lstm/drop0.0/seed3: 1300/1500 val=1.4749
lstm/drop0.0/seed3: 1400/1500 val=1.4821
lstm/drop0.0/seed3: 1500/1500 val=1.4832
{
  "status": "complete",
  "metrics": {
    "train": 0.2995402634627228,
    "val": 0.7727188601221503,
    "test": 1.3523406550081882
  }
}
{
  "status": "complete",
  "metrics": {
    "train": 0.2995402634627228,
    "val": 0.7727188601221503,
    "test": 1.3523406550081882
  }
}
